// Jest Snapshot v1, https://goo.gl/fbAQLP

exports[`Product List Layout renders correctly 1`] = `
<div>
  <h3>
    Orders:
  </h3>
  <div
    data-testid="orderList"
  >
    <div
      data-testid="orderItem"
      onClick={[Function]}
      style={
        Object {
          "marginBottom": 20,
        }
      }
    >
      <div
        className="sc-bdVaJa cudFOr"
        data-testid="orderItem-wrapper"
        selected={false}
      >
        <div
          data-testid="orderItem-id"
        >
          order# 
          668
        </div>
        <div
          data-testid="orderItem-date"
        >
          date: 
          12-12-22
        </div>
        <div
          data-testid="orderItem-total"
        >
          total 
          56.00
        </div>
      </div>
    </div>
    <div
      data-testid="orderItem"
      onClick={[Function]}
      style={
        Object {
          "marginBottom": 20,
        }
      }
    >
      <div
        className="sc-bdVaJa cudFOr"
        data-testid="orderItem-wrapper"
        selected={false}
      >
        <div
          data-testid="orderItem-id"
        >
          order# 
          667
        </div>
        <div
          data-testid="orderItem-date"
        >
          date: 
          02-12-22
        </div>
        <div
          data-testid="orderItem-total"
        >
          total 
          16
        </div>
      </div>
    </div>
  </div>
  <div
    data-testid="paginationBar"
  >
    <div />
    <div>
      page 
      1
       out of 
      1
    </div>
    <div />
  </div>
</div>
`;
