// Jest Snapshot v1, https://goo.gl/fbAQLP

exports[`Product List Layout renders correctly 1`] = `
Array [
  <div
    className="sc-ifAKCX lkpyhl"
    data-testid="orderItem"
    onClick={[Function]}
    selected={false}
  >
    <div
      className="sc-EHOje escwXD"
      data-testid="orderItem-wrapper"
    >
      <div
        className="sc-htpNat cgQusK"
      >
        <div
          className="sc-bdVaJa knVLoF"
        >
          order #
        </div>
        <div
          className="orderNumber"
          data-testid="orderItem-id"
        >
          668
        </div>
      </div>
      <div
        className="sc-bxivhb hVdxVT"
      >
        <div
          className="sc-bdVaJa sc-bwzfXH fGrzDT"
          data-testid="orderItem-date"
        >
          12/12/22
        </div>
        <div
          className="total"
          data-testid="orderItem-total"
        >
          $
          56.00
        </div>
      </div>
    </div>
  </div>,
  <div
    className="sc-ifAKCX lkpyhl"
    data-testid="orderItem"
    onClick={[Function]}
    selected={false}
  >
    <div
      className="sc-EHOje escwXD"
      data-testid="orderItem-wrapper"
    >
      <div
        className="sc-htpNat cgQusK"
      >
        <div
          className="sc-bdVaJa knVLoF"
        >
          order #
        </div>
        <div
          className="orderNumber"
          data-testid="orderItem-id"
        >
          667
        </div>
      </div>
      <div
        className="sc-bxivhb hVdxVT"
      >
        <div
          className="sc-bdVaJa sc-bwzfXH fGrzDT"
          data-testid="orderItem-date"
        >
          02/12/22
        </div>
        <div
          className="total"
          data-testid="orderItem-total"
        >
          $
          16
        </div>
      </div>
    </div>
  </div>,
]
`;
