// Jest Snapshot v1, https://goo.gl/fbAQLP

exports[`Checkout Tab renders correctly 1`] = `
<li
  className="sc-htpNat fwvtES"
  data-testid="tab-stripe"
  onClick={[Function]}
  selected={true}
>
  <div
    className="stripe etRadioWrapper"
  >
    <input
      checked={true}
      id="stripe-radio"
      name="stripe-radio-group"
      onChange={[Function]}
      type="radio"
    />
    <label
      htmlFor="stripe-radio"
    >
      <span
        className="cc-svg"
      >
        <test-file-stub />
      </span>
      <span
        className="cc-text"
      >
        Credit Card
      </span>
    </label>
  </div>
</li>
`;
