// Jest Snapshot v1, https://goo.gl/fbAQLP

exports[`Submit Button Tests renders correctly 1`] = `
<div
  className="sc-bxivhb cJSPeO"
  data-testid="submitBtn"
>
  <button
    data-testid="button"
    disabled={false}
    onClick={[Function]}
  >
    <div
      className="buttonText"
    >
      Submit
    </div>
  </button>
</div>
`;
