// Jest Snapshot v1, https://goo.gl/fbAQLP

exports[`Coupon Input renders correctly 1`] = `
<form
  onSubmit={[Function]}
>
  <label
    htmlFor="coupon"
  >
    Coupon
  </label>
  <div>
    false
  </div>
  <input
    aria-label="coupon"
    data-testid="couponInput"
    defaultValue=""
    id="couponInput"
    placeholder="Enter Promo Coupon"
    type="text"
  />
</form>
`;
