// Jest Snapshot v1, https://goo.gl/fbAQLP

exports[`RenderField Component should correct snapshot 1`] = `
Array [
  <div
    className="formGroup noFocus invalid has-value"
    data-testid="formGroupTest"
  >
    <label
      className="renderLabel"
      htmlFor="inputName"
    >
      Coupon Code:
    </label>
    <input
      aria-label="Coupon Code:"
      disabled={false}
      id="inputName"
      name="inputName"
      onBlur={[Function]}
      onChange={[Function]}
      onDragStart={[Function]}
      onDrop={[Function]}
      onFocus={[Function]}
      placeholder="Enter your coupon code"
      readOnly={false}
      type="text"
      value={Object {}}
    />
    <div
      className="sc-iwsKbI hprqOd svgValidation svgValidation--inValid"
    >
      <test-file-stub />
    </div>
  </div>,
  <div
    className="sc-htoDjs jKALBL jestError"
  />,
]
`;
