// Jest Snapshot v1, https://goo.gl/fbAQLP

exports[`RenderField Component should correct snapshot 1`] = `
<div
  style={
    Object {
      "position": "relative",
    }
  }
>
  <input
    aria-label="Coupon Code:"
    disabled={false}
    name="inputName"
    onBlur={[Function]}
    onChange={[Function]}
    onDragStart={[Function]}
    onDrop={[Function]}
    onFocus={[Function]}
    placeholder="Enter your coupon code"
    readOnly={false}
    type="text"
    value={Object {}}
  />
  <label
    className="renderLabel sc-bwzfXH OCRvs"
  >
    Coupon Code:
  </label>
  <div
    className="renderInputSvg sc-bdVaJa fjHlRI"
    color="red"
  >
    <test-file-stub />
  </div>
</div>
`;
