// Jest Snapshot v1, https://goo.gl/fbAQLP

exports[`Login Modal Enzyme Should take snapshot of blank form layout 1`] = `"<div data-testid=\\"signIn-form\\" class=\\"sc-htpNat jRBxPX\\"><form><h3>Sign In</h3><div><div style=\\"position: relative;\\"><input name=\\"email\\" aria-label=\\"Email:\\" placeholder=\\"\\" type=\\"email\\" value=\\"\\"><label class=\\"renderLabel sc-bwzfXH hhloFG\\">Email:</label><div class=\\"renderInputSvg sc-bdVaJa etplbY\\"><test-file-stub></test-file-stub></div><span>Required</span></div></div><div><div style=\\"position: relative;\\"><input name=\\"password\\" aria-label=\\"Password:\\" placeholder=\\"\\" type=\\"password\\" value=\\"\\"><label class=\\"renderLabel sc-bwzfXH hhloFG\\">Password:</label><div class=\\"renderInputSvg sc-bdVaJa etplbY\\"><test-file-stub></test-file-stub></div><span>Required</span></div></div><button type=\\"submit\\" disabled=\\"\\">Submit</button></form><button type=\\"button\\" data-form=\\"signup\\">Sign Up</button></div>"`;
