// Jest Snapshot v1, https://goo.gl/fbAQLP

exports[`AddToCart Button renders correctly 1`] = `
<div
  className="checkoutWrapper sc-htpNat bzJJkr"
>
  <div
    className="buttonWrapper sc-bxivhb awxGE"
  >
    <div
      className="addToCart__total sc-ifAKCX kvwkwF"
      data-testid="total"
    >
      $0
    </div>
    <button
      className="sc-bwzfXH sc-EHOje gNegOl"
      color="#18C3C3"
      data-testid="addToCart"
      disabled={true}
      onClick={[Function]}
    >
      I want this
    </button>
  </div>
</div>
`;
