// Jest Snapshot v1, https://goo.gl/fbAQLP

exports[`AddToCart Button renders correctly 1`] = `
<div
  className="sc-ifAKCX gTaDyn checkoutWrapper"
>
  <div
    className="sc-EHOje cwSfEq buttonWrapper"
  >
    <div
      className="sc-bZQynM dQujWH addToCart__total"
      data-testid="total"
    >
      <div
        className="total_title"
      >
        Total
      </div>
      $0
    </div>
    <button
      className="sc-htpNat sc-gzVnrw emNbXq"
      color="#18C3C3"
      data-testid="addToCart"
      disabled={true}
      onClick={[Function]}
    >
      I want this
    </button>
  </div>
</div>
`;
