// Jest Snapshot v1, https://goo.gl/fbAQLP

exports[`AddToCart Button renders correctly 1`] = `
<div
  className="sc-htpNat krpdDI"
>
  <div
    className="sc-bxivhb awxGE"
  >
    <div
      className="sc-ifAKCX gqREGH"
      data-testid="total"
    >
      $0.00
    </div>
    <button
      className="sc-bwzfXH sc-EHOje gXSyXb"
      color="#18C3C3"
      data-testid="addToCart"
      disabled={true}
      onClick={[Function]}
    >
      I want this
    </button>
  </div>
</div>
`;
