// Jest Snapshot v1, https://goo.gl/fbAQLP

exports[`Product Description renders correctly 1`] = `
<div
  className="sc-bxivhb fyrUIa"
>
  <div
    className="sc-htpNat gYWYhm"
    color="#18C3C3"
    data-testid="title"
  >
    title 1
  </div>
  <div
    className="sc-bwzfXH ihTQNy"
    data-testid="desc"
  >
    description
  </div>
  <div
    className="sc-bdVaJa hkMwfE"
    color="#18C3C3"
  >
    <test-file-stub />
  </div>
</div>
`;
