// Jest Snapshot v1, https://goo.gl/fbAQLP

exports[`product Filter renders correctly 1`] = `
<div
  className="sc-bdVaJa cBCgwi"
>
  <div
    className="sc-bwzfXH drPIGs"
  >
    <div
      className="sc-bZQynM emaqhv"
    >
      <h4>
        Filter
      </h4>
      <span>
        <test-file-stub />
      </span>
    </div>
    <ul>
      <li
        className="sc-htpNat jCPLFI"
        data-filtertype="fonts"
        data-testid="filterItems"
        onClick={[Function]}
      >
        <div
          className="sc-bxivhb fMBBWZ"
        >
          <span
            className="sc-ifAKCX dSdAbX"
          >
            <test-file-stub />
          </span>
          Fonts
        </div>
        <span
          className="slider sc-EHOje eSOWhS"
        />
      </li>
      <li
        className="sc-htpNat jCPLFI"
        data-filtertype="textures"
        data-testid="filterItems"
        onClick={[Function]}
      >
        <div
          className="sc-bxivhb fMBBWZ"
        >
          <span
            className="sc-ifAKCX dSdAbX"
          >
            <test-file-stub />
          </span>
          Textures
        </div>
        <span
          className="slider sc-EHOje eSOWhS"
        />
      </li>
      <li
        className="sc-htpNat jCPLFI"
        data-filtertype="templates"
        data-testid="filterItems"
        onClick={[Function]}
      >
        <div
          className="sc-bxivhb fMBBWZ"
        >
          <span
            className="sc-ifAKCX dSdAbX"
          >
            <test-file-stub />
          </span>
          Templates
        </div>
        <span
          className="slider sc-EHOje eSOWhS"
        />
      </li>
    </ul>
    <div
      className="sc-gzVnrw gTtRpw"
      data-filtertype=""
      data-testid="filterItems"
      onClick={[Function]}
    >
      View all
    </div>
  </div>
</div>
`;
