// Jest Snapshot v1, https://goo.gl/fbAQLP

exports[`Product List Layout renders correctly 1`] = `
<div
  className="sc-htoDjs dUAVdz"
  data-testid="productList"
>
  <div
    className="sc-bdVaJa emmDvk"
  >
    <a
      href="/products/watercolor-texture-kit-vol-1"
    >
      <div
        className="sc-bwzfXH djTlgz"
      >
        <div
          className="ListItemTop sc-bxivhb cXSKfV"
        >
          <div
            className=" gatsby-image-wrapper"
            style={
              Object {
                "overflow": "hidden",
                "position": "relative",
              }
            }
          >
            <div
              style={
                Object {
                  "paddingBottom": "0.08103727714748785%",
                  "width": "100%",
                }
              }
            />
            <img
              alt=""
              src="base64"
              style={
                Object {
                  "height": "100%",
                  "left": 0,
                  "objectFit": "cover",
                  "objectPosition": "center",
                  "opacity": 1,
                  "position": "absolute",
                  "top": 0,
                  "transitionDelay": "0.5s",
                  "width": "100%",
                }
              }
            />
            <picture>
              <img
                alt=""
                onLoad={[Function]}
                sizes="(max-width: 1000px) 100vw, 1000px"
                src="/static/a5ca9e682952d79588dee87feeec37a5/1a92f/seamless-watercolor-patterns-preview.jpg"
                srcSet="srcSet"
                style={
                  Object {
                    "height": "100%",
                    "left": 0,
                    "objectFit": "cover",
                    "objectPosition": "center",
                    "opacity": 0,
                    "position": "absolute",
                    "top": 0,
                    "transition": "opacity 0.5s",
                    "width": "100%",
                  }
                }
              />
            </picture>
            <noscript
              dangerouslySetInnerHTML={
                Object {
                  "__html": "<picture><img sizes=\\"(max-width: 1000px) 100vw, 1000px\\" srcset=\\"srcSet\\" src=\\"/static/a5ca9e682952d79588dee87feeec37a5/1a92f/seamless-watercolor-patterns-preview.jpg\\" alt=\\"\\" style=\\"position:absolute;top:0;left:0;opacity:1;width:100%;height:100%;object-fit:cover;object-position:center\\"/></picture>",
                }
              }
            />
          </div>
          <div
            className="sc-htpNat dVHrgR"
          >
            <h2>
              Watercolor texture kit Vol. 1
            </h2>
          </div>
        </div>
        <div
          className="ListItemFooter sc-ifAKCX gYZfIE"
        >
          <span />
          <p>
            $
          </p>
          <test-file-stub />
        </div>
      </div>
    </a>
  </div>
  <div
    className="sc-bdVaJa emmDvk"
  >
    <a
      href="/products/honeymoon"
    >
      <div
        className="sc-bwzfXH djTlgz"
      >
        <div
          className="ListItemTop sc-bxivhb cXSKfV"
        >
          <div
            className="sc-htpNat dVHrgR"
          >
            <h2>
              Honeymoon
            </h2>
          </div>
        </div>
        <div
          className="ListItemFooter sc-ifAKCX gYZfIE"
        >
          <span />
          <p>
            $
          </p>
          <test-file-stub />
        </div>
      </div>
    </a>
  </div>
</div>
`;
