// Jest Snapshot v1, https://goo.gl/fbAQLP

exports[`Product Description renders correctly 1`] = `
Array [
  <div
    className="sc-bxivhb bPRwwv"
    data-testid="productNav"
  >
    <div
      className="sc-htpNat ejPaFj"
      data-tab="desc"
      onClick={[Function]}
      selected={true}
    >
      Description
      <span />
    </div>
    <div
      className="sc-htpNat cQqqTW"
      data-tab="install"
      data-testid="install-nav-item"
      onClick={[Function]}
      selected={false}
    >
      Install Instructions
      <span />
    </div>
  </div>,
  <div
    className="sc-ifAKCX jdHDew"
    data-testid="title"
  >
    <div
      className="sc-bdVaJa dISwgA install"
      dangerouslySetInnerHTML={
        Object {
          "__html": "intro desc",
        }
      }
      data-testid="desc"
    />
  </div>,
]
`;
