// Jest Snapshot v1, https://goo.gl/fbAQLP

exports[`product Filter renders correctly 1`] = `
<div
  className="sc-bdVaJa gjJKSz"
>
  <div
    className="sc-bwzfXH cRmAIp"
  >
    <div
      className="sc-htpNat ezCnHF"
    >
      <div
        className="sc-gzVnrw ijTmdr"
      >
        <span>
          <test-file-stub />
        </span>
        <h4>
          Filter
        </h4>
      </div>
      <ul>
        <li
          className="sc-bxivhb iGBIdr"
          data-filtertype="fonts"
          data-testid="filterItems"
          onClick={[Function]}
        >
          <div
            className="sc-ifAKCX hSMeWm"
          >
            <span
              className="sc-EHOje hsbIlr"
            >
              <test-file-stub />
            </span>
            Fonts
          </div>
          <span
            className="slider sc-bZQynM hmpjWr"
          />
        </li>
        <li
          className="sc-bxivhb iGBIdr"
          data-filtertype="textures"
          data-testid="filterItems"
          onClick={[Function]}
        >
          <div
            className="sc-ifAKCX hSMeWm"
          >
            <span
              className="sc-EHOje hsbIlr"
            >
              <test-file-stub />
            </span>
            Textures
          </div>
          <span
            className="slider sc-bZQynM hmpjWr"
          />
        </li>
        <li
          className="sc-bxivhb iGBIdr"
          data-filtertype="templates"
          data-testid="filterItems"
          onClick={[Function]}
        >
          <div
            className="sc-ifAKCX hSMeWm"
          >
            <span
              className="sc-EHOje hsbIlr"
            >
              <test-file-stub />
            </span>
            Templates
          </div>
          <span
            className="slider sc-bZQynM hmpjWr"
          />
        </li>
      </ul>
      <div
        className="sc-htoDjs bwflZR"
        data-filtertype=""
        data-testid="filterItems"
        onClick={[Function]}
      >
        View all
      </div>
    </div>
  </div>
</div>
`;
