// Jest Snapshot v1, https://goo.gl/fbAQLP

exports[`User Hoc Render Props renders correctly 1`] = `
<div>
  <div
    data-testid="productName"
  >
    Watercolor texture kit Vol. 1
  </div>
  <div>
    <select
      data-testid="selectID"
      onChange={[Function]}
      value="standard"
    >
      <option
        value="standard"
      >
        Standard
      </option>
      <option
        value="extended"
      >
        Extended
      </option>
    </select>
  </div>
  <div>
    <label
      htmlFor="numberDial"
    >
      Quantity
    </label>
    <input
      className="numberInput"
      data-testid="numberDial"
      id="numberDial"
      onChange={[Function]}
      onKeyPress={[Function]}
      readOnly={false}
      type="number"
      value={1}
    />
  </div>
  <div>
    Item:
  </div>
  <div
    data-testid="productPrice"
  >
    $16.00
  </div>
  <button
    data-testid="removeItemBtn"
    onClick={[Function]}
  >
    Remove Item
  </button>
  <hr />
</div>
`;
