// Jest Snapshot v1, https://goo.gl/fbAQLP

exports[`Navbar Layout renders correctly 1`] = `
<nav
  className="sc-eHgmQL gOExqm"
  data-testid="navbar"
>
  <div
    className="sc-jWBwVP fXGfCz"
    data-testid="nav-logo"
  >
    <div
      className="sc-brqgnP isaOCL"
    >
      <a
        href="/"
      >
        <test-file-stub />
      </a>
    </div>
  </div>
  <div
    className="sc-hSdWYo sc-fBuWsC brUsxw"
    onClick={[Function]}
  >
    <div
      className="sc-hzDkRC gpRiNi"
    >
      <test-file-stub />
    </div>
  </div>
  <div
    className="sc-cvbbAY crgaUu"
    data-testid="hamburger"
    onClick={[Function]}
  >
    <test-file-stub />
  </div>
  <div
    className="sc-cMljjf bTEwEk"
  >
    <div
      className="sc-jAaTju eCmSwy"
      data-testid="nav-close"
      onClick={[Function]}
    >
      Close
    </div>
    <ul
      className="sc-jDwBTQ lcAkqK"
      data-testid="nav-center"
    >
      <li>
        <a
          href="/"
        >
          Products
        </a>
      </li>
      <li>
        <a
          href="https://every-tuesday.com"
          rel="noreferrer"
          target="_blank"
        >
          Blog
        </a>
      </li>
      <li>
        <a
          href="/support"
        >
          Support
        </a>
      </li>
    </ul>
    <div
      className="sc-gPEVay iGqrOo"
    >
      <div
        className="sc-hSdWYo sc-iRbamj imskKR"
      >
        <div
          className="sc-hMqMXs sc-gipzik fcYYAv"
          color="transparent"
          onClick={[Function]}
        >
          Sign In
        </div>
        <div
          className="sc-hMqMXs sc-jlyJG jpZkHC"
          color="#A182E9"
          onClick={[Function]}
        >
          Join Now
        </div>
      </div>
      <div
        className="sc-hSdWYo sc-bRBYWo kUxevv"
        onClick={[Function]}
      >
        <div
          className="sc-hzDkRC gpRiNi"
        >
          <test-file-stub />
        </div>
        <div
          className="sc-jhAzac bLLuGr"
          data-testid="cart-count"
        >
          <span>
            
          </span>
        </div>
      </div>
    </div>
  </div>
</nav>
`;
