// Jest Snapshot v1, https://goo.gl/fbAQLP

exports[`Navbar Layout renders correctly 1`] = `
<div
  data-testid="navbar"
>
  <ul
    className="sc-iwsKbI gsNbZQ"
  >
    <li>
      Home
    </li>
    <li>
      <a
        href="/account/profile"
      >
        your profile
      </a>
    </li>
    <li
      onClick={[Function]}
    >
      Sign In
    </li>
    <li
      onClick={[Function]}
    >
      Sign Up
    </li>
    <li
      onClick={[MockFunction]}
    >
      Cart (
      0
      )
    </li>
    <li
      onClick={[Function]}
    >
      Receipt test
    </li>
  </ul>
</div>
`;
