// Jest Snapshot v1, https://goo.gl/fbAQLP

exports[`Email Form Tests renders correctly 1`] = `
<form
  className="sc-ifAKCX cQEnyl"
  data-testid="emailBox"
  onSubmit={[MockFunction]}
>
  <div
    className="sc-EHOje knnPKq"
  >
    <div
      className="sc-bZQynM NwqNj"
    >
      <test-file-stub />
    </div>
    <input
      data-testid="email-input"
      onChange={[MockFunction]}
      placeholder="Enter your email address"
      required={true}
      type="email"
    />
  </div>
  <div
    className="sc-gzVnrw ftOABS"
  >
    <div
      className="sc-bxivhb cJSPeO"
      data-testid="submitBtn"
    >
      <button
        data-testid="button"
        disabled={false}
        onClick={[Function]}
      >
        <div
          className="buttonText"
        >
          Submit
        </div>
      </button>
    </div>
  </div>
  <div
    className="sc-htoDjs krmHYt"
  >
    <test-file-stub />
  </div>
</form>
`;
