// Jest Snapshot v1, https://goo.gl/fbAQLP

exports[`Footer Tests renders correctly 1`] = `
<footer
  className="sc-dnqmqq dbLqwg"
  id="my-div"
>
  <div
    className="sc-iwsKbI bFwimF"
  >
    <h4>
      Get notified
    </h4>
    <p>
      when I release new products, send out promos or freebies.
    </p>
  </div>
  <form
    className="sc-ifAKCX cQEnyl"
    data-testid="emailBox"
    onSubmit={[Function]}
  >
    <div
      className="sc-EHOje knnPKq"
    >
      <div
        className="sc-bZQynM NwqNj"
      >
        <test-file-stub />
      </div>
      <input
        data-testid="email-input"
        onChange={[Function]}
        placeholder="Enter your email address"
        required={true}
        type="email"
      />
    </div>
    <div
      className="sc-gzVnrw ftOABS"
    >
      <div
        className="sc-bxivhb cJSPeO"
        data-testid="submitBtn"
      >
        <button
          data-testid="button"
          disabled={false}
          onClick={[Function]}
        >
          <div
            className="buttonText"
          >
            Submit
          </div>
        </button>
      </div>
    </div>
    <div
      className="sc-htoDjs krmHYt"
    >
      <test-file-stub />
    </div>
  </form>
  <nav
    className="sc-gqjmRU dtTPmI"
  >
    <div
      className="sc-gZMcBi cYBMpN"
    >
      <test-file-stub />
    </div>
    <div
      className="sc-VigVT khKUMS"
    >
      <div
        className="sc-jTzLTM fHyIYk"
        data-testid="footer-logo"
      >
        <test-file-stub />
      </div>
      <ul
        className="sc-fjdhpX knEJYX"
        data-testid="footer-links"
      >
        <li>
          <a
            href="/products"
          >
            Products
          </a>
        </li>
        <li>
          <a
            href="https://every-tuesday.com"
            rel="noreferrer"
            target="_blank"
          >
            Blog
          </a>
        </li>
        <li>
          <a
            href="/support"
          >
            Support
          </a>
        </li>
        <li>
          <a
            href="/privacy"
          >
            Privacy Policy
          </a>
        </li>
      </ul>
      <ul
        className="sc-jzJRlG fBhNdJ"
        data-testid="social-links"
      >
        <li>
          <a
            href="https://www.youtube.com/user/everytues"
            rel="noreferrer"
            target="_blank"
          >
            <test-file-stub />
          </a>
        </li>
        <li>
          <a
            href="https://www.instagram.com/everytuesday/"
            rel="noreferrer"
            target="_blank"
          >
            <test-file-stub />
          </a>
        </li>
        <li>
          <a
            href="https://www.pinterest.com/teelac/"
            rel="noreferrer"
            target="_blank"
          >
            <test-file-stub />
          </a>
        </li>
        <li>
          <a
            href="https://www.facebook.com/everytues"
            rel="noreferrer"
            target="_blank"
          >
            <test-file-stub />
          </a>
        </li>
        <li>
          <a
            href="https://twitter.com/teelacunningham"
            rel="noreferrer"
            target="_blank"
          >
            <test-file-stub />
          </a>
        </li>
      </ul>
    </div>
  </nav>
</footer>
`;
