// Jest Snapshot v1, https://goo.gl/fbAQLP

exports[`Footer Tests renders correctly 1`] = `
<footer
  className="sc-iwsKbI iIYczS"
>
  <div
    className="sc-gZMcBi hElqkJ"
  >
    <h4>
      Get notified
    </h4>
    <p>
      when I release new products, send out promos or freebies.
    </p>
  </div>
  <form
    className="sc-EHOje gxOBQB"
    data-testid="emailBox"
    onSubmit={[Function]}
  >
    <div
      className="sc-bZQynM hQazJB"
    >
      <div
        className="sc-gzVnrw kmLGqm"
      >
        <test-file-stub />
      </div>
      <input
        data-testid="email-input"
        onChange={[Function]}
        placeholder="Enter your email address"
        required={true}
        type="email"
      />
    </div>
    <div
      className="sc-htoDjs bhZFqV"
    >
      <div
        className="sc-ifAKCX kIktAd"
        data-testid="submitBtn"
      >
        <button
          data-testid="button"
          disabled={false}
          onClick={[Function]}
        >
          <div
            className="buttonText"
          >
            Submit
          </div>
        </button>
      </div>
    </div>
    <div
      className="sc-dnqmqq jgwIwO"
    >
      <test-file-stub />
    </div>
  </form>
  <nav
    className="sc-VigVT fEPntw"
  >
    <div
      className="sc-gqjmRU evmKLe"
    >
      <test-file-stub />
    </div>
    <div
      className="sc-jTzLTM kIerjd"
    >
      <div
        className="sc-fjdhpX cyLcxw"
        data-testid="footer-logo"
      >
        <test-file-stub />
      </div>
      <ul
        className="sc-jzJRlG fOqSXj"
        data-testid="footer-links"
      >
        <li>
          <a
            href="/products"
          >
            Products
          </a>
        </li>
        <li>
          <a
            href="https://every-tuesday.com"
            rel="noreferrer"
            target="_blank"
          >
            Blog
          </a>
        </li>
        <li>
          <a
            href="/support"
          >
            Support
          </a>
        </li>
        <li>
          <a
            href="/privacy"
          >
            Privacy Policy
          </a>
        </li>
      </ul>
      <ul
        className="sc-cSHVUG bctMro"
        data-testid="social-links"
      >
        <li>
          <a
            href="https://www.youtube.com/user/everytues"
            rel="noreferrer"
            target="_blank"
          >
            <test-file-stub />
          </a>
        </li>
        <li>
          <a
            href="https://www.instagram.com/everytuesday/"
            rel="noreferrer"
            target="_blank"
          >
            <test-file-stub />
          </a>
        </li>
        <li>
          <a
            href="https://www.pinterest.com/teelac/"
            rel="noreferrer"
            target="_blank"
          >
            <test-file-stub />
          </a>
        </li>
        <li>
          <a
            href="https://www.facebook.com/everytues"
            rel="noreferrer"
            target="_blank"
          >
            <test-file-stub />
          </a>
        </li>
        <li>
          <a
            href="https://twitter.com/teelacunningham"
            rel="noreferrer"
            target="_blank"
          >
            <test-file-stub />
          </a>
        </li>
      </ul>
    </div>
  </nav>
</footer>
`;
